******************************************************************************
                  TI ARM Linker PC v18.1.2                     
******************************************************************************
>> Linked Sat Sep 22 14:40:07 2018

OUTPUT FILE NAME:   <hid_game_controller_cc2640r2lp_app.out>
ENTRY POINT SYMBOL: "ResetISR"  address: 0000d295


MEMORY CONFIGURATION

         name            origin    length      used     unused   attr    fill
----------------------  --------  ---------  --------  --------  ----  --------
  FLASH                 00000000   0001f000  0001298a  0000c676  R  X
  FLASH_LAST_PAGE       0001f000   00001000  00000058  00000fa8  R  X
  SRAM                  20000000   00004400  000024e7  00001f19  RW X


SEGMENT ALLOCATION MAP

run origin  load origin   length   init length attrs members
----------  ----------- ---------- ----------- ----- -------
00000000    00000000    00011994   00011994    r-x
  00000000    00000000    0000003c   0000003c    r-- .resetVecs
  0000003c    0000003c    00000fc4   00000fc4    r-x .text.1
  00001000    00001000    00000028   00000028    r-- .const:ti_sysbios_heaps_HeapMem_Module__FXNS__C
  00001028    00001028    00000024   00000024    r-- .const:ti_sysbios_gates_GateHwi_Module__FXNS__C
  0000104c    0000104c    00000024   00000024    r-- .const:ti_sysbios_gates_GateMutex_Module__FXNS__C
  00001070    00001070    00000020   00000020    r-- .const:ti_sysbios_family_arm_m3_Hwi_Object__DESC__C
  00001090    00001090    00000020   00000020    r-- .const:ti_sysbios_gates_GateHwi_Object__DESC__C
  000010b0    000010b0    00000020   00000020    r-- .const:ti_sysbios_gates_GateMutex_Object__DESC__C
  000010d0    000010d0    00000020   00000020    r-- .const:ti_sysbios_hal_Hwi_Object__DESC__C
  000010f0    000010f0    00000020   00000020    r-- .const:ti_sysbios_heaps_HeapMem_Object__DESC__C
  00001110    00001110    00000020   00000020    r-- .const:ti_sysbios_knl_Clock_Object__DESC__C
  00001130    00001130    00000020   00000020    r-- .const:ti_sysbios_knl_Event_Object__DESC__C
  00001150    00001150    00000020   00000020    r-- .const:ti_sysbios_knl_Mailbox_Object__DESC__C
  00001170    00001170    00000020   00000020    r-- .const:ti_sysbios_knl_Queue_Object__DESC__C
  00001190    00001190    00000020   00000020    r-- .const:ti_sysbios_knl_Semaphore_Object__DESC__C
  000011b0    000011b0    00000020   00000020    r-- .const:ti_sysbios_knl_Swi_Object__DESC__C
  000011d0    000011d0    00000020   00000020    r-- .const:ti_sysbios_knl_Task_Object__DESC__C
  000011f0    000011f0    00000008   00000008    r-- .const:ti_sysbios_knl_Idle_funcList__C
  000011f8    000011f8    00000004   00000004    r-- .const:ti_sysbios_family_arm_cc26xx_Timer_startupNeeded__C
  000011fc    000011fc    00000004   00000004    r-- .const:ti_sysbios_family_arm_m3_Hwi_E_alreadyDefined__C
  00001200    00001200    00000004   00000004    r-- .const:ti_sysbios_family_arm_m3_Hwi_E_hwiLimitExceeded__C
  00001204    00001204    00000004   00000004    r-- .const:ti_sysbios_family_arm_m3_Hwi_NUM_INTERRUPTS__C
  00001208    00001208    00000004   00000004    r-- .const:ti_sysbios_family_arm_m3_Hwi_Object__count__C
  0000120c    0000120c    00000004   00000004    r-- .const:ti_sysbios_family_arm_m3_Hwi_Object__table__C
  00001210    00001210    00000004   00000004    r-- .const:ti_sysbios_family_arm_m3_Hwi_ccr__C
  00001214    00001214    00000004   00000004    r-- .const:ti_sysbios_family_arm_m3_Hwi_excHandlerFunc__C
  00001218    00001218    00000004   00000004    r-- .const:ti_sysbios_family_arm_m3_Hwi_nullIsrFunc__C
  0000121c    0000121c    00000004   00000004    r-- .const:ti_sysbios_family_arm_m3_Hwi_numSparseInterrupts__C
  00001220    00001220    00000004   00000004    r-- .const:ti_sysbios_family_arm_m3_Hwi_priGroup__C
  00001224    00001224    00000004   00000004    r-- .const:ti_sysbios_family_arm_m3_TaskSupport_stackAlignment__C
  00001228    00001228    00000004   00000004    r-- .const:ti_sysbios_heaps_HeapMem_E_memory__C
  0000122c    0000122c    00000004   00000004    r-- .const:ti_sysbios_heaps_HeapMem_Module__gateObj__C
  00001230    00001230    00000004   00000004    r-- .const:ti_sysbios_heaps_HeapMem_Object__count__C
  00001234    00001234    00000004   00000004    r-- .const:ti_sysbios_heaps_HeapMem_Object__table__C
  00001238    00001238    00000004   00000004    r-- .const:ti_sysbios_heaps_HeapMem_reqAlign__C
  0000123c    0000123c    00000004   00000004    r-- .const:ti_sysbios_knl_Clock_triggerClock__C
  00001240    00001240    00000004   00000004    r-- .const:ti_sysbios_knl_Mailbox_Object__count__C
  00001244    00001244    00000004   00000004    r-- .const:ti_sysbios_knl_Mailbox_Object__table__C
  00001248    00001248    00000004   00000004    r-- .const:ti_sysbios_knl_Mailbox_maxTypeAlign__C
  0000124c    0000124c    00000004   00000004    r-- .const:ti_sysbios_knl_Queue_Object__count__C
  00001250    00001250    00000004   00000004    r-- .const:ti_sysbios_knl_Queue_Object__table__C
  00001254    00001254    00000004   00000004    r-- .const:ti_sysbios_knl_Semaphore_eventPost__C
  00001258    00001258    00000004   00000004    r-- .const:ti_sysbios_knl_Semaphore_eventSync__C
  0000125c    0000125c    00000004   00000004    r-- .const:ti_sysbios_knl_Swi_Object__count__C
  00001260    00001260    00000004   00000004    r-- .const:ti_sysbios_knl_Swi_Object__table__C
  00001264    00001264    00000004   00000004    r-- .const:ti_sysbios_knl_Swi_numPriorities__C
  00001268    00001268    00000004   00000004    r-- .const:ti_sysbios_knl_Task_Object__count__C
  0000126c    0000126c    00000004   00000004    r-- .const:ti_sysbios_knl_Task_Object__table__C
  00001270    00001270    00000004   00000004    r-- .const:ti_sysbios_knl_Task_allBlockedFunc__C
  00001274    00001274    00000004   00000004    r-- .const:ti_sysbios_knl_Task_defaultStackHeap__C
  00001278    00001278    00000004   00000004    r-- .const:ti_sysbios_knl_Task_defaultStackSize__C
  0000127c    0000127c    00000004   00000004    r-- .const:ti_sysbios_knl_Task_numConstructedTasks__C
  00001280    00001280    00000002   00000002    r-- .const:ti_sysbios_family_arm_cc26xx_Timer_Module__id__C
  00001282    00001282    00000002   00000002    r-- .const:ti_sysbios_family_arm_cc26xx_TimestampProvider_useClockTimer__C
  00001284    00001284    00000002   00000002    r-- .const:ti_sysbios_family_arm_m3_Hwi_Module__id__C
  00001286    00001286    00000002   00000002    r-- .const:ti_sysbios_gates_GateHwi_Module__id__C
  00001288    00001288    00000002   00000002    r-- .const:ti_sysbios_gates_GateMutex_Module__id__C
  0000128a    0000128a    00000002   00000002    r-- .const:ti_sysbios_heaps_HeapMem_Module__id__C
  0000128c    0000128c    00000002   00000002    r-- .const:ti_sysbios_knl_Task_initStackFlag__C
  0000128e    0000128e    00000001   00000001    r-- .const:ti_sysbios_knl_Clock_tickMode__C
  00001290    00001290    00000008   00000008    r-- .const:xdc_runtime_Startup_firstFxns__C
  00001298    00001298    00000008   00000008    r-- .const:xdc_runtime_Startup_lastFxns__C
  000012a0    000012a0    00000004   00000004    r-- .const:xdc_runtime_Assert_E_assertFailed__C
  000012a4    000012a4    00000004   00000004    r-- .const:xdc_runtime_Error_E_memory__C
  000012a8    000012a8    00000004   00000004    r-- .const:xdc_runtime_Error_policyFxn__C
  000012ac    000012ac    00000004   00000004    r-- .const:xdc_runtime_Error_raiseHook__C
  000012b0    000012b0    00000004   00000004    r-- .const:xdc_runtime_IGateProvider_Interface__BASE__C
  000012b4    000012b4    00000004   00000004    r-- .const:xdc_runtime_IHeap_Interface__BASE__C
  000012b8    000012b8    00000004   00000004    r-- .const:xdc_runtime_IModule_Interface__BASE__C
  000012bc    000012bc    00000004   00000004    r-- .const:xdc_runtime_Memory_defaultHeapInstance__C
  000012c0    000012c0    00000004   00000004    r-- .const:xdc_runtime_Startup_execImpl__C
  000012c4    000012c4    00000004   00000004    r-- .const:xdc_runtime_Startup_maxPasses__C
  000012c8    000012c8    00000004   00000004    r-- .const:xdc_runtime_Startup_sfxnRts__C
  000012cc    000012cc    00000004   00000004    r-- .const:xdc_runtime_Startup_sfxnTab__C
  000012d0    000012d0    00000004   00000004    r-- .const:xdc_runtime_Startup_startModsFxn__C
  000012d4    000012d4    00000004   00000004    r-- .const:xdc_runtime_SysCallback_abortFxn__C
  000012d8    000012d8    00000004   00000004    r-- .const:xdc_runtime_SysCallback_exitFxn__C
  000012dc    000012dc    00000004   00000004    r-- .const:xdc_runtime_System_abortFxn__C
  000012e0    000012e0    00000004   00000004    r-- .const:xdc_runtime_System_exitFxn__C
  000012e4    000012e4    00000004   00000004    r-- .const:xdc_runtime_System_maxAtexitHandlers__C
  000012e8    000012e8    00000004   00000004    r-- .const:xdc_runtime_Text_charTab__C
  000012ec    000012ec    00000004   00000004    r-- .const:xdc_runtime_Text_nameEmpty__C
  000012f0    000012f0    00000004   00000004    r-- .const:xdc_runtime_Text_nameStatic__C
  000012f4    000012f4    00000004   00000004    r-- .const:xdc_runtime_Text_nameUnknown__C
  000012f8    000012f8    00000002   00000002    r-- .const:xdc_runtime_Error_maxDepth__C
  000012fa    000012fa    00000002   00000002    r-- .const:xdc_runtime_Memory_Module__id__C
  000012fc    000012fc    00000002   00000002    r-- .const:xdc_runtime_Text_charCnt__C
  000012fe    000012fe    00000002   00000002    r-- .const:xdc_runtime_Text_isLoaded__C
  00001300    00001300    00000001   00000001    r-- .const:xdc_runtime_Error_policy__C
  00001304    00001304    00000004   00000004    r-- .const:ti_sysbios_rom_ROM_ti_sysbios_family_arm_cc26xx_Timer_getCount64__E
  00001308    00001308    00000004   00000004    r-- .const:ti_sysbios_rom_ROM_ti_sysbios_family_arm_cc26xx_Timer_getCurrentTick__E
  0000130c    0000130c    00000004   00000004    r-- .const:ti_sysbios_rom_ROM_ti_sysbios_family_arm_cc26xx_Timer_getMaxTicks__E
  00001310    00001310    00000004   00000004    r-- .const:ti_sysbios_rom_ROM_ti_sysbios_family_arm_cc26xx_Timer_initDevice__I
  00001314    00001314    00000004   00000004    r-- .const:ti_sysbios_rom_ROM_ti_sysbios_family_arm_cc26xx_Timer_setNextTick__E
  00001318    00001318    00000004   00000004    r-- .const:ti_sysbios_rom_ROM_ti_sysbios_family_arm_cc26xx_Timer_setThreshold__I
  0000131c    0000131c    00000004   00000004    r-- .const:ti_sysbios_rom_ROM_ti_sysbios_family_arm_cc26xx_Timer_start__E
  00001320    00001320    00000004   00000004    r-- .const:ti_sysbios_rom_ROM_ti_sysbios_family_arm_cc26xx_TimestampProvider_get32__E
  00001324    00001324    00000004   00000004    r-- .const:ti_sysbios_rom_ROM_xdc_runtime_Startup_getState__I
  00001328    00001328    00000004   00000004    r-- .const:ti_sysbios_rom_ROM_xdc_runtime_System_SupportProxy_abort__E
  0000132c    0000132c    00000004   00000004    r-- .const:ti_sysbios_rom_ROM_xdc_runtime_System_SupportProxy_exit__E
  00001330    00001330    0000f0c4   0000f0c4    r-x .text.2
  000103f4    000103f4    00000fb6   00000fb6    r-- .const
  000113ac    000113ac    00000090   00000090    r-- .rodata
  00011440    00011440    00000554   00000554    r-- .cinit
0001e000    0001e000    00001000   00001000    r--
  0001e000    0001e000    00001000   00001000    r-- .snvSectors
0001ffa8    0001ffa8    00000058   00000058    r--
  0001ffa8    0001ffa8    00000058   00000058    r-- .ccfg
20000100    20000100    00002021   00000000    rw-
  20000100    20000100    00000044   00000000    rw- .data:ti_sysbios_knl_Task_Module__state__V
  20000144    20000144    00000034   00000000    rw- .data:ti_sysbios_family_arm_m3_Hwi_Module__state__V
  20000178    20000178    0000002c   00000000    rw- .data:ti_sysbios_knl_Clock_Module__state__V
  200001a4    200001a4    00000024   00000000    rw- .data:ti_sysbios_BIOS_Module__state__V
  200001c8    200001c8    0000001c   00000000    rw- .data:ti_sysbios_knl_Swi_Module__state__V
  200001e4    200001e4    00000008   00000000    rw- .data:ti_sysbios_family_arm_cc26xx_Timer_Module__state__V
  200001ec    200001ec    00000004   00000000    rw- .data:ti_sysbios_family_arm_cc26xx_TimestampProvider_Module__state__V
  200001f0    200001f0    00000008   00000000    rw- .data:xdc_runtime_Startup_Module__state__V
  200001f8    200001f8    00000008   00000000    rw- .data:xdc_runtime_System_Module__state__V
  20000200    20000200    00000004   00000000    rw- .data:xdc_runtime_Memory_Module__state__V
  20000204    20000204    00000002   00000000    rw- .data:xdc_runtime_Error_Module__state__V
  20000208    20000208    00000d8a   00000000    rw- .data
  20000f98    20000f98    00001189   00000000    rw- .bss
20004000    20004000    00000400   00000000    rw-
  20004000    20004000    00000400   00000000    rw- .stack


SECTION ALLOCATION MAP

 output                                  attributes/
section   page    origin      length       input sections
--------  ----  ----------  ----------   ----------------
.const:ti_sysbios_heaps_HeapMem_Module__FXNS__C 
*          0    00001000    00000028     
                  00001000    00000028     app_ble_pem3.oem3 (.const:ti_sysbios_heaps_HeapMem_Module__FXNS__C)

.const:ti_sysbios_gates_GateHwi_Module__FXNS__C 
*          0    00001028    00000024     
                  00001028    00000024     app_ble_pem3.oem3 (.const:ti_sysbios_gates_GateHwi_Module__FXNS__C)

.const:ti_sysbios_gates_GateMutex_Module__FXNS__C 
*          0    0000104c    00000024     
                  0000104c    00000024     app_ble_pem3.oem3 (.const:ti_sysbios_gates_GateMutex_Module__FXNS__C)

.const:ti_sysbios_family_arm_m3_Hwi_Object__DESC__C 
*          0    00001070    00000020     
                  00001070    00000020     app_ble_pem3.oem3 (.const:ti_sysbios_family_arm_m3_Hwi_Object__DESC__C)

.const:ti_sysbios_gates_GateHwi_Object__DESC__C 
*          0    00001090    00000020     
                  00001090    00000020     app_ble_pem3.oem3 (.const:ti_sysbios_gates_GateHwi_Object__DESC__C)

.const:ti_sysbios_gates_GateMutex_Object__DESC__C 
*          0    000010b0    00000020     
                  000010b0    00000020     app_ble_pem3.oem3 (.const:ti_sysbios_gates_GateMutex_Object__DESC__C)

.const:ti_sysbios_hal_Hwi_Object__DESC__C 
*          0    000010d0    00000020     
                  000010d0    00000020     app_ble_pem3.oem3 (.const:ti_sysbios_hal_Hwi_Object__DESC__C)

.const:ti_sysbios_heaps_HeapMem_Object__DESC__C 
*          0    000010f0    00000020     
                  000010f0    00000020     app_ble_pem3.oem3 (.const:ti_sysbios_heaps_HeapMem_Object__DESC__C)

.const:ti_sysbios_knl_Clock_Object__DESC__C 
*          0    00001110    00000020     
                  00001110    00000020     app_ble_pem3.oem3 (.const:ti_sysbios_knl_Clock_Object__DESC__C)

.const:ti_sysbios_knl_Event_Object__DESC__C 
*          0    00001130    00000020     
                  00001130    00000020     app_ble_pem3.oem3 (.const:ti_sysbios_knl_Event_Object__DESC__C)

.const:ti_sysbios_knl_Mailbox_Object__DESC__C 
*          0    00001150    00000020     
                  00001150    00000020     app_ble_pem3.oem3 (.const:ti_sysbios_knl_Mailbox_Object__DESC__C)

.const:ti_sysbios_knl_Queue_Object__DESC__C 
*          0    00001170    00000020     
                  00001170    00000020     app_ble_pem3.oem3 (.const:ti_sysbios_knl_Queue_Object__DESC__C)

.const:ti_sysbios_knl_Semaphore_Object__DESC__C 
*          0    00001190    00000020     
                  00001190    00000020     app_ble_pem3.oem3 (.const:ti_sysbios_knl_Semaphore_Object__DESC__C)

.const:ti_sysbios_knl_Swi_Object__DESC__C 
*          0    000011b0    00000020     
                  000011b0    00000020     app_ble_pem3.oem3 (.const:ti_sysbios_knl_Swi_Object__DESC__C)

.const:ti_sysbios_knl_Task_Object__DESC__C 
*          0    000011d0    00000020     
                  000011d0    00000020     app_ble_pem3.oem3 (.const:ti_sysbios_knl_Task_Object__DESC__C)

.const:ti_sysbios_knl_Idle_funcList__C 
*          0    000011f0    00000008     
                  000011f0    00000008     app_ble_pem3.oem3 (.const:ti_sysbios_knl_Idle_funcList__C)

.const:ti_sysbios_family_arm_cc26xx_Timer_startupNeeded__C 
*          0    000011f8    00000004     
                  000011f8    00000004     app_ble_pem3.oem3 (.const:ti_sysbios_family_arm_cc26xx_Timer_startupNeeded__C)

.const:ti_sysbios_family_arm_m3_Hwi_E_alreadyDefined__C 
*          0    000011fc    00000004     
                  000011fc    00000004     app_ble_pem3.oem3 (.const:ti_sysbios_family_arm_m3_Hwi_E_alreadyDefined__C)

.const:ti_sysbios_family_arm_m3_Hwi_E_hwiLimitExceeded__C 
*          0    00001200    00000004     
                  00001200    00000004     app_ble_pem3.oem3 (.const:ti_sysbios_family_arm_m3_Hwi_E_hwiLimitExceeded__C)

.const:ti_sysbios_family_arm_m3_Hwi_NUM_INTERRUPTS__C 
*          0    00001204    00000004     
                  00001204    00000004     app_ble_pem3.oem3 (.const:ti_sysbios_family_arm_m3_Hwi_NUM_INTERRUPTS__C)

.const:ti_sysbios_family_arm_m3_Hwi_Object__count__C 
*          0    00001208    00000004     
                  00001208    00000004     app_ble_pem3.oem3 (.const:ti_sysbios_family_arm_m3_Hwi_Object__count__C)

.const:ti_sysbios_family_arm_m3_Hwi_Object__table__C 
*          0    0000120c    00000004     
                  0000120c    00000004     app_ble_pem3.oem3 (.const:ti_sysbios_family_arm_m3_Hwi_Object__table__C)

.const:ti_sysbios_family_arm_m3_Hwi_ccr__C 
*          0    00001210    00000004     
                  00001210    00000004     app_ble_pem3.oem3 (.const:ti_sysbios_family_arm_m3_Hwi_ccr__C)

.const:ti_sysbios_family_arm_m3_Hwi_excHandlerFunc__C 
*          0    00001214    00000004     
                  00001214    00000004     app_ble_pem3.oem3 (.const:ti_sysbios_family_arm_m3_Hwi_excHandlerFunc__C)

.const:ti_sysbios_family_arm_m3_Hwi_nullIsrFunc__C 
*          0    00001218    00000004     
                  00001218    00000004     app_ble_pem3.oem3 (.const:ti_sysbios_family_arm_m3_Hwi_nullIsrFunc__C)

.const:ti_sysbios_family_arm_m3_Hwi_numSparseInterrupts__C 
*          0    0000121c    00000004     
                  0000121c    00000004     app_ble_pem3.oem3 (.const:ti_sysbios_family_arm_m3_Hwi_numSparseInterrupts__C)

.const:ti_sysbios_family_arm_m3_Hwi_priGroup__C 
*          0    00001220    00000004     
                  00001220    00000004     app_ble_pem3.oem3 (.const:ti_sysbios_family_arm_m3_Hwi_priGroup__C)

.const:ti_sysbios_family_arm_m3_TaskSupport_stackAlignment__C 
*          0    00001224    00000004     
                  00001224    00000004     app_ble_pem3.oem3 (.const:ti_sysbios_family_arm_m3_TaskSupport_stackAlignment__C)

.const:ti_sysbios_heaps_HeapMem_E_memory__C 
*          0    00001228    00000004     
                  00001228    00000004     app_ble_pem3.oem3 (.const:ti_sysbios_heaps_HeapMem_E_memory__C)

.const:ti_sysbios_heaps_HeapMem_Module__gateObj__C 
*          0    0000122c    00000004     
                  0000122c    00000004     app_ble_pem3.oem3 (.const:ti_sysbios_heaps_HeapMem_Module__gateObj__C)

.const:ti_sysbios_heaps_HeapMem_Object__count__C 
*          0    00001230    00000004     
                  00001230    00000004     app_ble_pem3.oem3 (.const:ti_sysbios_heaps_HeapMem_Object__count__C)

.const:ti_sysbios_heaps_HeapMem_Object__table__C 
*          0    00001234    00000004     
                  00001234    00000004     app_ble_pem3.oem3 (.const:ti_sysbios_heaps_HeapMem_Object__table__C)

.const:ti_sysbios_heaps_HeapMem_reqAlign__C 
*          0    00001238    00000004     
                  00001238    00000004     app_ble_pem3.oem3 (.const:ti_sysbios_heaps_HeapMem_reqAlign__C)

.const:ti_sysbios_knl_Clock_triggerClock__C 
*          0    0000123c    00000004     
                  0000123c    00000004     app_ble_pem3.oem3 (.const:ti_sysbios_knl_Clock_triggerClock__C)

.const:ti_sysbios_knl_Mailbox_Object__count__C 
*          0    00001240    00000004     
                  00001240    00000004     app_ble_pem3.oem3 (.const:ti_sysbios_knl_Mailbox_Object__count__C)

.const:ti_sysbios_knl_Mailbox_Object__table__C 
*          0    00001244    00000004     
                  00001244    00000004     app_ble_pem3.oem3 (.const:ti_sysbios_knl_Mailbox_Object__table__C)

.const:ti_sysbios_knl_Mailbox_maxTypeAlign__C 
*          0    00001248    00000004     
                  00001248    00000004     app_ble_pem3.oem3 (.const:ti_sysbios_knl_Mailbox_maxTypeAlign__C)

.const:ti_sysbios_knl_Queue_Object__count__C 
*          0    0000124c    00000004     
                  0000124c    00000004     app_ble_pem3.oem3 (.const:ti_sysbios_knl_Queue_Object__count__C)

.const:ti_sysbios_knl_Queue_Object__table__C 
*          0    00001250    00000004     
                  00001250    00000004     app_ble_pem3.oem3 (.const:ti_sysbios_knl_Queue_Object__table__C)

.const:ti_sysbios_knl_Semaphore_eventPost__C 
*          0    00001254    00000004     
                  00001254    00000004     app_ble_pem3.oem3 (.const:ti_sysbios_knl_Semaphore_eventPost__C)

.const:ti_sysbios_knl_Semaphore_eventSync__C 
*          0    00001258    00000004     
                  00001258    00000004     app_ble_pem3.oem3 (.const:ti_sysbios_knl_Semaphore_eventSync__C)

.const:ti_sysbios_knl_Swi_Object__count__C 
*          0    0000125c    00000004     
                  0000125c    00000004     app_ble_pem3.oem3 (.const:ti_sysbios_knl_Swi_Object__count__C)

.const:ti_sysbios_knl_Swi_Object__table__C 
*          0    00001260    00000004     
                  00001260    00000004     app_ble_pem3.oem3 (.const:ti_sysbios_knl_Swi_Object__table__C)

.const:ti_sysbios_knl_Swi_numPriorities__C 
*          0    00001264    00000004     
                  00001264    00000004     app_ble_pem3.oem3 (.const:ti_sysbios_knl_Swi_numPriorities__C)

.const:ti_sysbios_knl_Task_Object__count__C 
*          0    00001268    00000004     
                  00001268    00000004     app_ble_pem3.oem3 (.const:ti_sysbios_knl_Task_Object__count__C)

.const:ti_sysbios_knl_Task_Object__table__C 
*          0    0000126c    00000004     
                  0000126c    00000004     app_ble_pem3.oem3 (.const:ti_sysbios_knl_Task_Object__table__C)

.const:ti_sysbios_knl_Task_allBlockedFunc__C 
*          0    00001270    00000004     
                  00001270    00000004     app_ble_pem3.oem3 (.const:ti_sysbios_knl_Task_allBlockedFunc__C)

.const:ti_sysbios_knl_Task_defaultStackHeap__C 
*          0    00001274    00000004     
                  00001274    00000004     app_ble_pem3.oem3 (.const:ti_sysbios_knl_Task_defaultStackHeap__C)

.const:ti_sysbios_knl_Task_defaultStackSize__C 
*          0    00001278    00000004     
                  00001278    00000004     app_ble_pem3.oem3 (.const:ti_sysbios_knl_Task_defaultStackSize__C)

.const:ti_sysbios_knl_Task_numConstructedTasks__C 
*          0    0000127c    00000004     
                  0000127c    00000004     app_ble_pem3.oem3 (.const:ti_sysbios_knl_Task_numConstructedTasks__C)

.const:ti_sysbios_family_arm_cc26xx_Timer_Module__id__C 
*          0    00001280    00000002     
                  00001280    00000002     app_ble_pem3.oem3 (.const:ti_sysbios_family_arm_cc26xx_Timer_Module__id__C)

.const:ti_sysbios_family_arm_cc26xx_TimestampProvider_useClockTimer__C 
*          0    00001282    00000002     
                  00001282    00000002     app_ble_pem3.oem3 (.const:ti_sysbios_family_arm_cc26xx_TimestampProvider_useClockTimer__C)

.const:ti_sysbios_family_arm_m3_Hwi_Module__id__C 
*          0    00001284    00000002     
                  00001284    00000002     app_ble_pem3.oem3 (.const:ti_sysbios_family_arm_m3_Hwi_Module__id__C)

.const:ti_sysbios_gates_GateHwi_Module__id__C 
*          0    00001286    00000002     
                  00001286    00000002     app_ble_pem3.oem3 (.const:ti_sysbios_gates_GateHwi_Module__id__C)

.const:ti_sysbios_gates_GateMutex_Module__id__C 
*          0    00001288    00000002     
                  00001288    00000002     app_ble_pem3.oem3 (.const:ti_sysbios_gates_GateMutex_Module__id__C)

.const:ti_sysbios_heaps_HeapMem_Module__id__C 
*          0    0000128a    00000002     
                  0000128a    00000002     app_ble_pem3.oem3 (.const:ti_sysbios_heaps_HeapMem_Module__id__C)

.const:ti_sysbios_knl_Task_initStackFlag__C 
*          0    0000128c    00000002     
                  0000128c    00000002     app_ble_pem3.oem3 (.const:ti_sysbios_knl_Task_initStackFlag__C)

.const:ti_sysbios_knl_Clock_tickMode__C 
*          0    0000128e    00000001     
                  0000128e    00000001     app_ble_pem3.oem3 (.const:ti_sysbios_knl_Clock_tickMode__C)

.const:xdc_runtime_Startup_firstFxns__C 
*          0    00001290    00000008     
                  00001290    00000008     app_ble_pem3.oem3 (.const:xdc_runtime_Startup_firstFxns__C)

.const:xdc_runtime_Startup_lastFxns__C 
*          0    00001298    00000008     
                  00001298    00000008     app_ble_pem3.oem3 (.const:xdc_runtime_Startup_lastFxns__C)

.const:xdc_runtime_Assert_E_assertFailed__C 
*          0    000012a0    00000004     
                  000012a0    00000004     app_ble_pem3.oem3 (.const:xdc_runtime_Assert_E_assertFailed__C)

.const:xdc_runtime_Error_E_memory__C 
*          0    000012a4    00000004     
                  000012a4    00000004     app_ble_pem3.oem3 (.const:xdc_runtime_Error_E_memory__C)

.const:xdc_runtime_Error_policyFxn__C 
*          0    000012a8    00000004     
                  000012a8    00000004     app_ble_pem3.oem3 (.const:xdc_runtime_Error_policyFxn__C)

.const:xdc_runtime_Error_raiseHook__C 
*          0    000012ac    00000004     
                  000012ac    00000004     app_ble_pem3.oem3 (.const:xdc_runtime_Error_raiseHook__C)

.const:xdc_runtime_IGateProvider_Interface__BASE__C 
*          0    000012b0    00000004     
                  000012b0    00000004     app_ble_pem3.oem3 (.const:xdc_runtime_IGateProvider_Interface__BASE__C)

.const:xdc_runtime_IHeap_Interface__BASE__C 
*          0    000012b4    00000004     
                  000012b4    00000004     app_ble_pem3.oem3 (.const:xdc_runtime_IHeap_Interface__BASE__C)

.const:xdc_runtime_IModule_Interface__BASE__C 
*          0    000012b8    00000004     
                  000012b8    00000004     app_ble_pem3.oem3 (.const:xdc_runtime_IModule_Interface__BASE__C)

.const:xdc_runtime_Memory_defaultHeapInstance__C 
*          0    000012bc    00000004     
                  000012bc    00000004     app_ble_pem3.oem3 (.const:xdc_runtime_Memory_defaultHeapInstance__C)

.const:xdc_runtime_Startup_execImpl__C 
*          0    000012c0    00000004     
                  000012c0    00000004     app_ble_pem3.oem3 (.const:xdc_runtime_Startup_execImpl__C)

.const:xdc_runtime_Startup_maxPasses__C 
*          0    000012c4    00000004     
                  000012c4    00000004     app_ble_pem3.oem3 (.const:xdc_runtime_Startup_maxPasses__C)

.const:xdc_runtime_Startup_sfxnRts__C 
*          0    000012c8    00000004     
                  000012c8    00000004     app_ble_pem3.oem3 (.const:xdc_runtime_Startup_sfxnRts__C)

.const:xdc_runtime_Startup_sfxnTab__C 
*          0    000012cc    00000004     
                  000012cc    00000004     app_ble_pem3.oem3 (.const:xdc_runtime_Startup_sfxnTab__C)

.const:xdc_runtime_Startup_startModsFxn__C 
*          0    000012d0    00000004     
                  000012d0    00000004     app_ble_pem3.oem3 (.const:xdc_runtime_Startup_startModsFxn__C)

.const:xdc_runtime_SysCallback_abortFxn__C 
*          0    000012d4    00000004     
                  000012d4    00000004     app_ble_pem3.oem3 (.const:xdc_runtime_SysCallback_abortFxn__C)

.const:xdc_runtime_SysCallback_exitFxn__C 
*          0    000012d8    00000004     
                  000012d8    00000004     app_ble_pem3.oem3 (.const:xdc_runtime_SysCallback_exitFxn__C)

.const:xdc_runtime_System_abortFxn__C 
*          0    000012dc    00000004     
                  000012dc    00000004     app_ble_pem3.oem3 (.const:xdc_runtime_System_abortFxn__C)

.const:xdc_runtime_System_exitFxn__C 
*          0    000012e0    00000004     
                  000012e0    00000004     app_ble_pem3.oem3 (.const:xdc_runtime_System_exitFxn__C)

.const:xdc_runtime_System_maxAtexitHandlers__C 
*          0    000012e4    00000004     
                  000012e4    00000004     app_ble_pem3.oem3 (.const:xdc_runtime_System_maxAtexitHandlers__C)

.const:xdc_runtime_Text_charTab__C 
*          0    000012e8    00000004     
                  000012e8    00000004     app_ble_pem3.oem3 (.const:xdc_runtime_Text_charTab__C)

.const:xdc_runtime_Text_nameEmpty__C 
*          0    000012ec    00000004     
                  000012ec    00000004     app_ble_pem3.oem3 (.const:xdc_runtime_Text_nameEmpty__C)

.const:xdc_runtime_Text_nameStatic__C 
*          0    000012f0    00000004     
                  000012f0    00000004     app_ble_pem3.oem3 (.const:xdc_runtime_Text_nameStatic__C)

.const:xdc_runtime_Text_nameUnknown__C 
*          0    000012f4    00000004     
                  000012f4    00000004     app_ble_pem3.oem3 (.const:xdc_runtime_Text_nameUnknown__C)

.const:xdc_runtime_Error_maxDepth__C 
*          0    000012f8    00000002     
                  000012f8    00000002     app_ble_pem3.oem3 (.const:xdc_runtime_Error_maxDepth__C)

.const:xdc_runtime_Memory_Module__id__C 
*          0    000012fa    00000002     
                  000012fa    00000002     app_ble_pem3.oem3 (.const:xdc_runtime_Memory_Module__id__C)

.const:xdc_runtime_Text_charCnt__C 
*          0    000012fc    00000002     
                  000012fc    00000002     app_ble_pem3.oem3 (.const:xdc_runtime_Text_charCnt__C)

.const:xdc_runtime_Text_isLoaded__C 
*          0    000012fe    00000002     
                  000012fe    00000002     app_ble_pem3.oem3 (.const:xdc_runtime_Text_isLoaded__C)

.const:xdc_runtime_Error_policy__C 
*          0    00001300    00000001     
                  00001300    00000001     app_ble_pem3.oem3 (.const:xdc_runtime_Error_policy__C)

.const:ti_sysbios_rom_ROM_ti_sysbios_family_arm_cc26xx_Timer_getCount64__E 
*          0    00001304    00000004     
                  00001304    00000004     app_ble_pem3.oem3 (.const:ti_sysbios_rom_ROM_ti_sysbios_family_arm_cc26xx_Timer_getCount64__E)

.const:ti_sysbios_rom_ROM_ti_sysbios_family_arm_cc26xx_Timer_getCurrentTick__E 
*          0    00001308    00000004     
                  00001308    00000004     app_ble_pem3.oem3 (.const:ti_sysbios_rom_ROM_ti_sysbios_family_arm_cc26xx_Timer_getCurrentTick__E)

.const:ti_sysbios_rom_ROM_ti_sysbios_family_arm_cc26xx_Timer_getMaxTicks__E 
*          0    0000130c    00000004     
                  0000130c    00000004     app_ble_pem3.oem3 (.const:ti_sysbios_rom_ROM_ti_sysbios_family_arm_cc26xx_Timer_getMaxTicks__E)

.const:ti_sysbios_rom_ROM_ti_sysbios_family_arm_cc26xx_Timer_initDevice__I 
*          0    00001310    00000004     
                  00001310    00000004     app_ble_pem3.oem3 (.const:ti_sysbios_rom_ROM_ti_sysbios_family_arm_cc26xx_Timer_initDevice__I)

.const:ti_sysbios_rom_ROM_ti_sysbios_family_arm_cc26xx_Timer_setNextTick__E 
*          0    00001314    00000004     
                  00001314    00000004     app_ble_pem3.oem3 (.const:ti_sysbios_rom_ROM_ti_sysbios_family_arm_cc26xx_Timer_setNextTick__E)

.const:ti_sysbios_rom_ROM_ti_sysbios_family_arm_cc26xx_Timer_setThreshold__I 
*          0    00001318    00000004     
                  00001318    00000004     app_ble_pem3.oem3 (.const:ti_sysbios_rom_ROM_ti_sysbios_family_arm_cc26xx_Timer_setThreshold__I)

.const:ti_sysbios_rom_ROM_ti_sysbios_family_arm_cc26xx_Timer_start__E 
*          0    0000131c    00000004     
                  0000131c    00000004     app_ble_pem3.oem3 (.const:ti_sysbios_rom_ROM_ti_sysbios_family_arm_cc26xx_Timer_start__E)

.const:ti_sysbios_rom_ROM_ti_sysbios_family_arm_cc26xx_TimestampProvider_get32__E 
*          0    00001320    00000004     
                  00001320    00000004     app_ble_pem3.oem3 (.const:ti_sysbios_rom_ROM_ti_sysbios_family_arm_cc26xx_TimestampProvider_get32__E)

.const:ti_sysbios_rom_ROM_xdc_runtime_Startup_getState__I 
*          0    00001324    00000004     
                  00001324    00000004     app_ble_pem3.oem3 (.const:ti_sysbios_rom_ROM_xdc_runtime_Startup_getState__I)

.const:ti_sysbios_rom_ROM_xdc_runtime_System_SupportProxy_abort__E 
*          0    00001328    00000004     
                  00001328    00000004     app_ble_pem3.oem3 (.const:ti_sysbios_rom_ROM_xdc_runtime_System_SupportProxy_abort__E)

.const:ti_sysbios_rom_ROM_xdc_runtime_System_SupportProxy_exit__E 
*          0    0000132c    00000004     
                  0000132c    00000004     app_ble_pem3.oem3 (.const:ti_sysbios_rom_ROM_xdc_runtime_System_SupportProxy_exit__E)

.data:ti_sysbios_knl_Task_Module__state__V 
*          0    20000100    00000044     UNINITIALIZED
                  20000100    00000044     app_ble_pem3.oem3 (.data:ti_sysbios_knl_Task_Module__state__V)

.data:ti_sysbios_family_arm_m3_Hwi_Module__state__V 
*          0    20000144    00000034     UNINITIALIZED
                  20000144    00000034     app_ble_pem3.oem3 (.data:ti_sysbios_family_arm_m3_Hwi_Module__state__V)

.data:ti_sysbios_knl_Clock_Module__state__V 
*          0    20000178    0000002c     UNINITIALIZED
                  20000178    0000002c     app_ble_pem3.oem3 (.data:ti_sysbios_knl_Clock_Module__state__V)

.data:ti_sysbios_BIOS_Module__state__V 
*          0    200001a4    00000024     UNINITIALIZED
                  200001a4    00000024     app_ble_pem3.oem3 (.data:ti_sysbios_BIOS_Module__state__V)

.data:ti_sysbios_knl_Swi_Module__state__V 
*          0    200001c8    0000001c     UNINITIALIZED
                  200001c8    0000001c     app_ble_pem3.oem3 (.data:ti_sysbios_knl_Swi_Module__state__V)

.data:ti_sysbios_family_arm_cc26xx_Timer_Module__state__V 
*          0    200001e4    00000008     UNINITIALIZED
                  200001e4    00000008     app_ble_pem3.oem3 (.data:ti_sysbios_family_arm_cc26xx_Timer_Module__state__V)

.data:ti_sysbios_family_arm_cc26xx_TimestampProvider_Module__state__V 
*          0    200001ec    00000004     UNINITIALIZED
                  200001ec    00000004     app_ble_pem3.oem3 (.data:ti_sysbios_family_arm_cc26xx_TimestampProvider_Module__state__V)

.data:xdc_runtime_Startup_Module__state__V 
*          0    200001f0    00000008     UNINITIALIZED
                  200001f0    00000008     app_ble_pem3.oem3 (.data:xdc_runtime_Startup_Module__state__V)

.data:xdc_runtime_System_Module__state__V 
*          0    200001f8    00000008     UNINITIALIZED
                  200001f8    00000008     app_ble_pem3.oem3 (.data:xdc_runtime_System_Module__state__V)

.data:xdc_runtime_Memory_Module__state__V 
*          0    20000200    00000004     UNINITIALIZED
                  20000200    00000004     app_ble_pem3.oem3 (.data:xdc_runtime_Memory_Module__state__V)

.data:xdc_runtime_Error_Module__state__V 
*          0    20000204    00000002     UNINITIALIZED
                  20000204    00000002     app_ble_pem3.oem3 (.data:xdc_runtime_Error_Module__state__V)

.bootVecs 
*          0    00000000    00000008     DSECT
                  00000000    00000008     boot.aem3 : boot.oem3 (.bootVecs)

.resetVecs 
*          0    00000000    0000003c     
                  00000000    0000003c     app_ble_pem3.oem3 (.resetVecs)

.vecs      0    20000000    000000c8     NOLOAD SECTION
                  20000000    000000c8     app_ble_pem3.oem3 (.vecs)

xdc.meta   0    00000000    0000011d     COPY SECTION
                  00000000    0000011d     app_ble_pem3.oem3 (xdc.meta)

xdc.noload 
*          0    00000000    00000000     COPY SECTION

.cinit     0    00011440    00000554     
                  00011440    0000040d     (.cinit..data.load) [load image, compression = lzss]
                  0001184d    00000028     (.cinit..data:ti_sysbios_family_arm_m3_Hwi_Module__state__V.load) [load image, compression = lzss]
                  00011875    00000021     (.cinit..data:ti_sysbios_knl_Task_Module__state__V.load) [load image, compression = lzss]
                  00011896    0000001f     (.cinit..data:ti_sysbios_BIOS_Module__state__V.load) [load image, compression = lzss]
                  000118b5    0000001e     (.cinit..data:ti_sysbios_knl_Clock_Module__state__V.load) [load image, compression = lzss]
                  000118d3    00000010     (.cinit..data:ti_sysbios_knl_Swi_Module__state__V.load) [load image, compression = lzss]
                  000118e3    00000001     --HOLE-- [fill = 0]
                  000118e4    0000000c     (__TI_handler_table)
                  000118f0    0000000b     (.cinit..data:ti_sysbios_family_arm_cc26xx_Timer_Module__state__V.load) [load image, compression = lzss]
                  000118fb    00000005     --HOLE-- [fill = 0]
                  00011900    00000008     (.cinit..bss.load) [load image, compression = zero_init]
                  00011908    00000008     (.cinit..data:xdc_runtime_Memory_Module__state__V.load) [load image, compression = lzss]
                  00011910    00000007     (.cinit..data:ti_sysbios_family_arm_cc26xx_TimestampProvider_Module__state__V.load) [load image, compression = lzss]
                  00011917    00000007     (.cinit..data:xdc_runtime_Startup_Module__state__V.load) [load image, compression = lzss]
                  0001191e    00000007     (.cinit..data:xdc_runtime_System_Module__state__V.load) [load image, compression = lzss]
                  00011925    00000006     (.cinit..data:xdc_runtime_Error_Module__state__V.load) [load image, compression = lzss]
                  0001192b    00000001     --HOLE-- [fill = 0]
                  0001192c    00000068     (__TI_cinit_table)

.init_array 
*          0    00000000    00000000     UNINITIALIZED

.snvSectors 
*          0    0001e000    00001000     
                  0001e000    00001000     hid_game_controller_cc2640r2lp_stack_library.lib : osal_snv_wrapper.obj (.snvSectors:retain)

.ccfg      0    0001ffa8    00000058     
                  0001ffa8    00000058     ccfg_app_ble.obj (.ccfg:retain)

.data      0    20000208    00000d8a     UNINITIALIZED
                  20000208    000001d0     hidkbdservice.obj (.data:hidAttrTbl)
                  200003d8    00000174     hid_game_controller_cc2640r2lp_stack_library.lib : gapbondmgr.obj (.data:$O1$$)
                  2000054c    00000130     devinfoservice.obj (.data:devInfoAttrTbl)
                  2000067c    00000114     drivers_cc26x0r2.aem3 : PINCC26XX.oem3 (.data:$O1$$)
                  20000790    00000114                           : PowerCC26XX.oem3 (.data:PowerCC26XX_module)
                  200008a4    0000007c     hid_game_controller_cc2640r2lp_stack_library.lib : osal_cbtimer.obj (.data:$O1$$)
                  20000920    00000070     cc26xx_profiles_pxxx.a : gapgattserver.o (.data)
                  20000990    00000060     battservice.obj (.data:battAttrTbl)
                  200009f0    00000060     scanparamservice.obj (.data:scanParamAttrTbl)
                  20000a50    0000004c     app_ble_pem3.oem3 (.data:ti_sysbios_knl_Task_Object__table__V)
                  20000a9c    00000004     hid_game_controller_cc2640r2lp_stack_library.lib : osal_pwrmgr.obj (.data:$O1$$)
                  20000aa0    00000048     app_ble_pem3.oem3 (.data:ti_sysbios_family_arm_cc26xx_Timer_Object__table__V)
                  20000ae8    00000038     app_ble_pem3.oem3 (.data:ti_sysbios_gates_GateMutex_Object__table__V)
                  20000b20    00000030     cc2640_ll_pxxx_ext_scan_ext_adv.a : ll_config.o (.data)
                  20000b50    00000030     app_ble_pem3.oem3 (.data:ti_sysbios_knl_Swi_Module_State_0_readyQ__A)
                  20000b80    00000030     app_ble_pem3.oem3 (.data:ti_sysbios_knl_Swi_Object__table__V)
                  20000bb0    00000030     app_ble_pem3.oem3 (.data:ti_sysbios_knl_Task_Module_State_0_readyQ__A)
                  20000be0    0000002c     hid_game_controller_cc2640r2lp_stack_library.lib : osal.obj (.data:$O1$$)
                  20000c0c    00000024     cc26xx_profiles_pxxx.a : gapgattserver.o (.data)
                  20000c30    00000020     drivers_cc26x0r2.aem3 : ADCCC26XX.oem3 (.data:$O1$$)
                  20000c50    00000020     app_ble_pem3.oem3 (.data:ti_sysbios_knl_Clock_Object__table__V)
                  20000c70    00000020     app_ble_pem3.oem3 (.data:xdc_runtime_Error_IgnoreBlock)
                  20000c90    0000001f     peripheral.obj (.data:gapRole_AdvertData)
                  20000caf    0000001f     peripheral.obj (.data:gapRole_ScanRspData)
                  20000cce    00000002     hidkbdservice.obj (.data:hidExtReportRefDesc)
                  20000cd0    0000001c     icall.obj (.data)
                  20000cec    0000001c     peripheral.obj (.data)
                  20000d08    00000018     board_key.obj (.data:keyPinsCfg)
                  20000d20    00000018     app_ble_pem3.oem3 (.data:ti_sysbios_family_arm_m3_Hwi_Object__table__V)
                  20000d38    00000015     devinfoservice.obj (.data:devInfoFirmwareRev)
                  20000d4d    00000015     devinfoservice.obj (.data:devInfoHardwareRev)
                  20000d62    00000015     devinfoservice.obj (.data:devInfoMfrName)
                  20000d77    00000015     devinfoservice.obj (.data:devInfoModelNumber)
                  20000d8c    00000015     devinfoservice.obj (.data:devInfoSerialNumber)
                  20000da1    00000015     devinfoservice.obj (.data:devInfoSoftwareRev)
                  20000db6    00000015     hidgamecontroller.obj (.data:scanData)
                  20000dcb    00000001     ECCROMCC26XX.obj (.data)
                  20000dcc    00000010     icall_user_config.obj (.data:bleAppServiceInfoTable)
                  20000ddc    00000010     cc26xx_profiles_pxxx.a : gattservapp.o (.data)
                  20000dec    00000010     icall_api_lite.obj (.data)
                  20000dfc    00000010     ble_user_config.obj (.data:rfRegTbl)
                  20000e0c    00000010     main.obj (.data:user0Cfg)
                  20000e1c    0000000f     hidkbdservice.obj (.data)
                  20000e2b    00000001     TRNGCC26XX.obj (.data)
                  20000e2c    0000000e     battservice.obj (.data)
                  20000e3a    0000000e     devinfoservice.obj (.data:defaultDevInfo11073Cert)
                  20000e48    0000000e     devinfoservice.obj (.data)
                  20000e56    0000000d     hidgamecontroller.obj (.data:advData)
                  20000e63    00000001     cc26xx_profiles_pxxx.a : gapgattserver.o (.data)
                  20000e64    0000000c     hidgamecontroller.obj (.data:hidGameControllerHidCBs)
                  20000e70    0000000c     hiddev.obj (.data:lastReport)
                  20000e7c    0000000c     app_ble_pem3.oem3 (.data:ti_sysbios_heaps_HeapCallback_Object__table__V)
                  20000e88    0000000a     peripheral.obj (.data:gapRole_updateConnParams)
                  20000e92    00000009     hiddev.obj (.data)
                  20000e9b    00000001     cc26xx_profiles_pxxx.a : gapgattserver.o (.data)
                  20000e9c    00000008     hid_game_controller_cc2640r2lp_stack_library.lib : hal_assert.obj (.data:$O1$$)
                  20000ea4    00000008                                                      : osal_clock.obj (.data:$O1$$)
                  20000eac    00000008     rtsv7M3_T_le_eabi.lib : _lock.c.obj (.data:$O1$$)
                  20000eb4    00000008     battservice.obj (.data:battLevelPresentation)
                  20000ebc    00000008     cc2640_ll_pxxx_ext_scan_ext_adv.a : ll_data.o (.data)
                  20000ec4    00000008     devinfoservice.obj (.data:devInfoSystemId)
                  20000ecc    00000008     hidgamecontroller.obj (.data:hidGameControllerCfg)
                  20000ed4    00000008     icall_cc2650.obj (.data)
                  20000edc    00000008     app_ble_pem3.oem3 (.data:ti_sysbios_family_arm_m3_Hwi_Module__root__V)
                  20000ee4    00000008     app_ble_pem3.oem3 (.data:ti_sysbios_gates_GateHwi_Module__root__V)
                  20000eec    00000008     app_ble_pem3.oem3 (.data:ti_sysbios_gates_GateMutex_Module__root__V)
                  20000ef4    00000008     app_ble_pem3.oem3 (.data:ti_sysbios_hal_Hwi_Module__root__V)
                  20000efc    00000008     app_ble_pem3.oem3 (.data:ti_sysbios_heaps_HeapCallback_Module__root__V)
                  20000f04    00000008     app_ble_pem3.oem3 (.data:ti_sysbios_heaps_HeapMem_Module__root__V)
                  20000f0c    00000008     app_ble_pem3.oem3 (.data:ti_sysbios_knl_Clock_Module__root__V)
                  20000f14    00000008     app_ble_pem3.oem3 (.data:ti_sysbios_knl_Event_Module__root__V)
                  20000f1c    00000008     app_ble_pem3.oem3 (.data:ti_sysbios_knl_Mailbox_Module__root__V)
                  20000f24    00000008     app_ble_pem3.oem3 (.data:ti_sysbios_knl_Queue_Module__root__V)
                  20000f2c    00000008     app_ble_pem3.oem3 (.data:ti_sysbios_knl_Semaphore_Module__root__V)
                  20000f34    00000008     app_ble_pem3.oem3 (.data:ti_sysbios_knl_Swi_Module__root__V)
                  20000f3c    00000008     app_ble_pem3.oem3 (.data:ti_sysbios_knl_Task_Module__root__V)
                  20000f44    00000007     devinfoservice.obj (.data:devInfoPnpId)
                  20000f4b    00000006     peripheral.obj (.data:gapRole_AdvDirectAddr)
                  20000f51    00000006     peripheral.obj (.data:gapRole_ConnectedDevAddr)
                  20000f57    00000001     cc26xx_profiles_pxxx.a : gapgattserver.o (.data)
                  20000f58    00000004     hid_game_controller_cc2640r2lp_stack_library.lib : osal_snv_wrapper.obj (.data:$O1$$)
                  20000f5c    00000004     icall.obj (.data:ICall_initParams)
                  20000f60    00000004     ble_user_config.obj (.data)
                  20000f64    00000004     board_key.obj (.data)
                  20000f68    00000004     hiddev.obj (.data:hidDev_PeripheralCBs)
                  20000f6c    00000004     hid_game_controller_cc2640r2lp_stack_library.lib : ble_user_config.obj (.data)
                  20000f70    00000004                                                      : osal_bufmgr.obj (.data)
                  20000f74    00000004     rtsv7M3_T_le_eabi.lib : stkdepth_vars.c.obj (.data)
                  20000f78    00000004     app_ble_pem3.oem3 (.data:ti_sysbios_family_arm_m3_Hwi_Module_State_0_excContext__A)
                  20000f7c    00000004     app_ble_pem3.oem3 (.data:ti_sysbios_family_arm_m3_Hwi_Module_State_0_excStack__A)
                  20000f80    00000004     app_ble_pem3.oem3 (.data:ti_sysbios_knl_Task_Module_State_0_idleTask__A)
                  20000f84    00000002     battservice.obj (.data:hidReportRefBattLevel)
                  20000f86    00000002     hidkbdservice.obj (.data:hidReportRefFeature)
                  20000f88    00000002     hidkbdservice.obj (.data:hidReportRefKeyIn)
                  20000f8a    00000002     hidkbdservice.obj (.data:hidReportRefLedOut)
                  20000f8c    00000002     scanparamservice.obj (.data)
                  20000f8e    00000002     app_ble_pem3.oem3 (.data:ti_sysbios_family_arm_m3_Hwi_Module_State_0_excActive__A)
                  20000f90    00000001     drivers_cc26x0r2.aem3 : ADC.oem3 (.data)
                  20000f91    00000001     hid_game_controller_cc2640r2lp_stack_library.lib : npi.obj (.data)

.bss       0    20000f98    00001189     UNINITIALIZED
                  20000f98    00000284     (.common:hidGameControllerTaskStack)
                  2000121c    00000004     ECCROMCC26XX.obj (.bss)
                  20001220    00000200     app_ble_pem3.oem3 (.bss:taskStackSection)
                  20001420    000001e0     (.common:gapRoleTaskStack)
                  20001600    00000190     (.common:hidDeviceTaskStack)
                  20001790    00000140     RFCC26XX_singleMode.obj (.bss:aCmdPool)
                  200018d0    000000dc     (.common:adcCC26xxObjects)
                  200019ac    000000c8     (.common:ti_sysbios_family_arm_m3_Hwi_dispatchTable)
                  20001a74    00000084     hiddev.obj (.bss:hidDevReportQ)
                  20001af8    00000080     (.common:cryptoCC26XXObjects)
                  20001b78    00000054     hidkbdservice.obj (.bss:hidRptMap)
                  20001bcc    00000050     (.common:gapRoleTask)
                  20001c1c    00000050     (.common:hidDeviceTask)
                  20001c6c    00000050     (.common:hidGameControllerTask)
                  20001cbc    00000048     icall.obj (.bss:ICall_entities)
                  20001d04    00000040     RFCC26XX_singleMode.obj (.bss:ratModule)
                  20001d44    00000034     RFCC26XX_singleMode.obj (.bss:swiFsm)
                  20001d78    00000034     RFCC26XX_singleMode.obj (.bss:swiHw)
                  20001dac    00000030     icall.obj (.bss:ICall_tasks)
                  20001ddc    00000028     RFCC26XX_singleMode.obj (.bss)
                  20001e04    00000024     hiddev.obj (.bss:battPerClock)
                  20001e28    00000024     RFCC26XX_singleMode.obj (.bss:clkPowerUp)
                  20001e4c    00000024     hiddev.obj (.bss:idleTimeoutClock)
                  20001e70    00000024     board_key.obj (.bss:keyChangeClock)
                  20001e94    00000024     hiddev.obj (.bss:reportReadyClock)
                  20001eb8    00000024     peripheral.obj (.bss:startAdvClock)
                  20001edc    00000024     peripheral.obj (.bss:startUpdateClock)
                  20001f00    00000024     peripheral.obj (.bss:updateTimeoutClock)
                  20001f24    00000024     (.common:periodicClock)
                  20001f48    0000001c     drivers_cc26x0r2.aem3 : CryptoCC26XX.oem3 (.bss:CryptoSem)
                  20001f64    0000001c     hiddev.obj (.bss)
                  20001f80    0000001c     RFCC26XX_singleMode.obj (.bss:hwiCpe0)
                  20001f9c    0000001c     RFCC26XX_singleMode.obj (.bss:hwiHw)
                  20001fb8    00000019     hidkbdservice.obj (.bss)
                  20001fd1    00000001     board_key.obj (.bss)
                  20001fd2    00000001     cc2640_hci_tl_ext_scan_ext_adv_none.a : hci_tl.o (.bss)
                  20001fd3    00000001                                           : hci_tl.o (.bss)
                  20001fd4    00000014     RFCC26XX_singleMode.obj (.bss:RF_wakeupNotifyObj)
                  20001fe8    00000014     RFCC26XX_singleMode.obj (.bss:cmdQ)
                  20001ffc    00000014     driverlib.lib : osc.obj (.bss:oscHfGlobals)
                  20002010    00000014     peripheral.obj (.bss)
                  20002024    00000014     RFCC26XX_singleMode.obj (.bss:ratCmd)
                  20002038    00000010     peripheral.obj (.bss:gapRole_IRK)
                  20002048    00000010     peripheral.obj (.bss:gapRole_SRK)
                  20002058    0000000c     hid_game_controller_cc2640r2lp_stack_library.lib : osal_timers.obj (.bss:$O1$$)
                  20002064    0000000c     hiddev.obj (.bss:appMsg)
                  20002070    0000000c     hidgamecontroller.obj (.bss:appMsg)
                  2000207c    0000000c     battservice.obj (.bss)
                  20002088    0000000c     cc2640_ll_pxxx_ext_scan_ext_adv.a : ll_scheduler.o (.bss)
                  20002094    0000000c     hidgamecontroller.obj (.bss)
                  200020a0    0000000c     icall.obj (.bss)
                  200020ac    0000000c     (.common:keyPins)
                  200020b8    00000008     dpl_cc26x0r2.aem3 : PowerCC26XX_tirtos.oem3 (.bss:$O1$$)
                  200020c0    00000008     hidgamecontroller.obj (.bss:buf)
                  200020c8    00000008     peripheral.obj (.bss:gapRole_bdAddr)
                  200020d0    00000008     driverlib.lib : sys_ctrl.obj (.bss:powerQualGlobals)
                  200020d8    00000008     scanparamservice.obj (.bss)
                  200020e0    00000008     (.common:paramsch0)
                  200020e8    00000008     (.common:paramsch5)
                  200020f0    00000004     cc26xx_profiles_pxxx.a : gapgattserver.o (.bss)
                  200020f4    00000004     scanparamservice.obj (.bss:scanIntervalWindow)
                  200020f8    00000004     scanparamservice.obj (.bss:scanParamRefresh)
                  200020fc    00000004     (.common:ClockP_tickPeriod)
                  20002100    00000004     (.common:HEAPMGR_SIZE)
                  20002104    00000004     (.common:adchandlech0)
                  20002108    00000004     (.common:adchandlech5)
                  2000210c    00000004     (.common:hKeyPins)
                  20002110    00000004     (.common:tasksEvents)
                  20002114    00000004     (.common:trngCC26XXObjects)
                  20002118    00000001     cc2640_hci_tl_ext_scan_ext_adv_none.a : hci_tl.o (.bss)
                  20002119    00000001                                           : hci_tl.o (.bss)
                  2000211a    00000001                                           : hci_tl.o (.bss)
                  2000211b    00000001     cc2640_ll_pxxx_ext_scan_ext_adv.a : ll.o (.bss)
                  2000211c    00000001     (.common:driverlib_release_0_49664)
                  2000211d    00000001     (.common:g_hwiInt)
                  2000211e    00000001     (.common:icall_liteTaskId)
                  2000211f    00000001     (.common:osal_entity)
                  20002120    00000001     (.common:selfEntity)

.vtable    0    20002121    00000000     UNINITIALIZED

.vtable_ram 
*          0    20002121    00000000     UNINITIALIZED

vtable_ram 
*          0    20002121    00000000     UNINITIALIZED

.sysmem    0    20002121    00000000     UNINITIALIZED

.nonretenvar 
*          0    20002121    00000000     UNINITIALIZED

.stack     0    20004000    00000400     UNINITIALIZED
                  20004000    00000400     --HOLE--

.text.1    0    0000003c    00000fc4     
                  0000003c    000005c0     cc2640_ll_pxxx_ext_scan_ext_adv.a : ll.o (.text)
                  000005fc    00000008     ble_r2.symbols (.tramp.LL_ENC_GenerateTrueRandNum.1)
                  00000604    00000008     ble_r2.symbols (.tramp.LL_PRIV_GenerateRSA.1)
                  0000060c    00000008     ble_r2.symbols (.tramp.LL_ENC_Init.1)
                  00000614    00000578     peripheral.obj (.text:GAPRole_SetParameter)
                  00000b8c    00000360     RFCC26XX_singleMode.obj (.text:fsmActiveState)
                  00000eec    00000008     (.tramp.ti_sysbios_family_arm_m3_Hwi_restoreFxn__E.1)
                  00000ef4    00000108     hid_game_controller_cc2640r2lp_stack_library.lib : osal_snv_wrapper.obj (.text:NVOCOP_writeItem)
                  00000ffc    00000004     dpl_cc26x0r2.aem3 : PowerCC26XX_tirtos.oem3 (.text:CPUwfi)

.text.2    0    00001330    0000f0c4     
                  00001330    00000548     peripheral.obj (.text:gapRole_processGAPMsg)
                  00001878    00000314     drivers_cc26x0r2.aem3 : PowerCC26XX_calibrateRCOSC.oem3 (.text:PowerCC26XX_auxISR)
                  00001b8c    00000300     cc2640_ll_pxxx_ext_scan_ext_adv.a : ll_scheduler.o (.text)
                  00001e8c    000002e4                                       : ll.o (.text)
                  00002170    00000274     peripheral.obj (.text:GAPRole_GetParameter)
                  000023e4    00000270     hidkbdservice.obj (.text:HidKbd_AddService)
                  00002654    00000258     drivers_cc26x0r2.aem3 : CryptoCC26XX.oem3 (.text:cryptoTransactionExecute)
                  000028ac    00000244                           : PowerCC26XX.oem3 (.text:Power_sleep)
                  00002af0    00000238     cc26xx_profiles_pxxx.a : gapgattserver.o (.text)
                  00002d28    0000022c     hid_game_controller_cc2640r2lp_stack_library.lib : gapbondmgr.obj (.text:GAPBondMgr_SetParameter)
                  00002f54    00000220     cc2640_ll_pxxx_ext_scan_ext_adv.a : ll_isr.o (.text)
                  00003174    00000214                                       : ll_common.o (.text)
                  00003388    0000020c     driverlib.lib : sys_ctrl.obj (.text:NOROM_SysCtrlSetRechargeBeforePowerDown)
                  00003594    00000204     cc26xx_profiles_pxxx.a : gattservapp.o (.text)
                  00003798    00000204     cc26xx_sm_pxxx.a : sm_pairing.o (.text)
                  0000399c    000001fc     hidgamecontroller.obj (.text:HidGameController_init)
                  00003b98    000001f4     RFCC26XX_singleMode.obj (.text:fsmSetupState)
                  00003d8c    000001f0     ECCROMCC26XX.obj (.text:ECCROMCC26XX_genDHKey)
                  00003f7c    000001e4     hid_game_controller_cc2640r2lp_stack_library.lib : gapbondmgr.obj (.text:GAPBondMgr_ProcessGAPMsg)
                  00004160    000001d0                                                      : gapbondmgr.obj (.text:gapBondMgrAddBond)
                  00004330    000001c8                                                      : osal.obj (.text:osal_run_system)
                  000044f8    000001c4     cc2640_ll_pxxx_ext_scan_ext_adv.a : ll_isr.o (.text)
                  000046bc    000001c0     hiddev.obj (.text:HidDev_WriteAttrCB)
                  0000487c    000001bc     drivers_cc26x0r2.aem3 : PINCC26XX.oem3 (.text:PIN_init)
                  00004a38    000001a8     cc2640_ll_pxxx_ext_scan_ext_adv.a : ll_isr.o (.text)
                  00004be0    000001a0     devinfoservice.obj (.text:devInfo_ReadAttrCB)
                  00004d80    00000194     hiddev.obj (.text:HidDev_ReadAttrCB)
                  00004f14    00000190     drivers_cc26x0r2.aem3 : PowerCC26XX_calibrateRCOSC.oem3 (.text:PowerCC26XX_doCalibrate)
                  000050a4    0000018c     ECCROMCC26XX.obj (.text:ECCROMCC26XX_genKeys)
                  00005230    00000180     hid_game_controller_cc2640r2lp_stack_library.lib : gapbondmgr.obj (.text:gapBondMgrAuthenticate)
                  000053b0    00000170     cc2640_ll_pxxx_ext_scan_ext_adv.a : ll.o (.text)
                  00005520    0000016c     peripheral.obj (.text:gapRole_taskFxn)
                  0000568c    00000158     RFCC26XX_singleMode.obj (.text:rf_init)
                  000057e4    00000150     hid_game_controller_cc2640r2lp_stack_library.lib : gapbondmgr.obj (.text:GAPBondMgr_ProcessEvent)
                  00005934    00000148     RFCC26XX_singleMode.obj (.text:radioOpDoneCb)
                  00005a7c    00000140     icall.obj (.text:ICall_waitMatch)
                  00005bbc    0000013c     RFCC26XX_singleMode.obj (.text:RF_postCmd)
                  00005cf8    0000013c     RFCC26XX_singleMode.obj (.text:powerDownRfCore)
                  00005e34    00000138     RFCC26XX_singleMode.obj (.text:fsmPowerUpState)
                  00005f6c    00000134     icall.obj (.text:ICall_heapMalloc)
                  000060a0    0000012c     hiddev.obj (.text:HidDev_taskFxn)
                  000061cc    0000012c     drivers_cc26x0r2.aem3 : PowerCC26XX.oem3 (.text:Power_init)
                  000062f8    0000012c     hid_game_controller_cc2640r2lp_stack_library.lib : osal_snv_wrapper.obj (.text:compactPage)
                  00006424    00000128     RFCC26XX_singleMode.obj (.text:abortCmd)
                  0000654c    00000128     cc2640_ll_pxxx_ext_scan_ext_adv.a : ll_scheduler.o (.text)
                  00006674    00000124     hid_game_controller_cc2640r2lp_stack_library.lib : gapbondmgr.obj (.text:gapBondMgrEraseBonding)
                  00006798    0000011c     RFCC26XX_singleMode.obj (.text:RF_pendCmd)
                  000068b4    00000118     RFCC26XX_singleMode.obj (.text:RF_open)
                  000069cc    00000112     cc26xx_gatt_pxxx.a : gatt_server.o (.text)
                  00006ade    00000002     hid_game_controller_cc2640r2lp_stack_library.lib : common_rom_init.obj (.text:CommonROM_Init)
                  00006ae0    00000104     peripheral.obj (.text:gapRole_init)
                  00006be4    000000fc     RFCC26XX_singleMode.obj (.text:swiFxnHw)
                  00006ce0    000000f8     hidgamecontroller.obj (.text:HidJoystick_Read)
                  00006dd8    000000f4     scanparamservice.obj (.text:scanParamWriteAttrCB)
                  00006ecc    000000f0     RFCC26XX_singleMode.obj (.text:hwiFxnCpe0Active)
                  00006fbc    000000f0     hid_game_controller_cc2640r2lp_stack_library.lib : osal_timers.obj (.text:osalTimerUpdate)
                  000070ac    000000ec                                                      : gapbondmgr.obj (.text:GAPBondMgr_LinkEst)
                  00007198    000000ec     cc26xx_profiles_pxxx.a : gattservapp.o (.text)
                  00007284    000000e8     hid_game_controller_cc2640r2lp_stack_library.lib : gapbondmgr.obj (.text:GAPBondMgr_GetParameter)
                  0000736c    000000e8     dpl_cc26x0r2.aem3 : PowerCC26XX_tirtos.oem3 (.text:PowerCC26XX_standbyPolicy)
                  00007454    000000e4     board_key.obj (.text:Board_initKeys)
                  00007538    000000e4     cc26xx_sm_pxxx.a : sm_pairing.o (.text)
                  0000761c    000000e0     RFCC26XX_singleMode.obj (.text:discardPendCmd)
                  000076fc    000000dc     drivers_cc26x0r2.aem3 : PINCC26XX.oem3 (.text:PINCC26XX_setIoCfg)
                  000077d8    000000dc     hid_game_controller_cc2640r2lp_stack_library.lib : osal.obj (.text:osal_set_event)
                  000078b4    000000d8     icall.obj (.text:ICall_heapInit)
                  0000798c    000000d8     hid_game_controller_cc2640r2lp_stack_library.lib : ble_user_config.obj (.text:setBleUserConfig)
                  00007a64    000000d4     drivers_cc26x0r2.aem3 : CryptoCC26XX.oem3 (.text:CryptoCC26XX_open)
                  00007b38    000000d4     icall.obj (.text:ICall_enrollService)
                  00007c0c    000000d4     cc2640_ll_pxxx_ext_scan_ext_adv.a : ll_scheduler.o (.text)
                  00007ce0    000000d0     hiddev.obj (.text:HidDev_processPairStateEvt)
                  00007db0    000000cc     hiddev.obj (.text:HidDev_enqueueReport)
                  00007e7c    000000c8     peripheral.obj (.text:gapRole_startConnUpdate)
                  00007f44    000000c6     hidgamecontroller.obj (.text:HidGameController_reportCB)
                  0000800a    00000002     driverlib.lib : rfc.obj (.text:NOROM_RFCAdi3VcoLdoVoltageMode)
                  0000800c    000000c4     drivers_cc26x0r2.aem3 : ADCCC26XX.oem3 (.text:ADCCC26XX_convert)
                  000080d0    000000c4     cc26xx_sm_pxxx.a : sm_pairing.o (.text)
                  00008194    000000c0     hiddev.obj (.text:HidDev_init)
                  00008254    000000c0     icall.obj (.text:ICall_setTimer)
                  00008314    000000c0     driverlib.lib : aux_adc.obj (.text:NOROM_AUXADCEnableSync)
                  000083d4    000000bc     hiddev.obj (.text:HidDev_processStateChangeEvt)
                  00008490    000000bc     drivers_cc26x0r2.aem3 : PowerCC26XX.oem3 (.text:Power_releaseDependency)
                  0000854c    000000b4     hidgamecontroller.obj (.text:HidGameController_taskFxn)
                  00008600    000000b4     drivers_cc26x0r2.aem3 : PowerCC26XX.oem3 (.text:Power_setDependency)
                  000086b4    000000b0     hiddev.obj (.text:HidDev_sendReport)
                  00008764    000000b0     icall.obj (.text:ICall_registerApp)
                  00008814    000000b0     battservice.obj (.text:battWriteAttrCB)
                  000088c4    000000b0     cc2640_hci_pxxx_ext_scan_ext_adv.a : hci_event.o (.text)
                  00008974    000000ac     driverlib.lib : setup.obj (.text:NOROM_SetupTrimDevice)
                  00008a20    000000ac     TRNGCC26XX.obj (.text:TRNGCC26XX_getNumber)
                  00008acc    000000a8     icall.obj (.text:HEAPMGR_GETLARGESTFREEBUF)
                  00008b74    000000a8     hidkbdservice.obj (.text:HidKbd_SetParameter)
                  00008c1c    000000a8     icall.obj (.text:ICall_send)
                  00008cc4    000000a8     icall.obj (.text:ICall_sendServiceComplete)
                  00008d6c    000000a8     battservice.obj (.text:battReadAttrCB)
                  00008e14    000000a8     RFCC26XX_singleMode.obj (.text:hwiFxnHw)
                  00008ebc    000000a8     icall.obj (.text:icall_directAPI)
                  00008f64    000000a4     hid_game_controller_cc2640r2lp_stack_library.lib : gapbondmgr.obj (.text:GAPBondMgr_ResolveAddr)
                  00009008    000000a4     icall.obj (.text:ICall_newTask)
                  000090ac    000000a4     hid_game_controller_cc2640r2lp_stack_library.lib : osal_cbtimer.obj (.text:cbTimerSetup)
                  00009150    000000a4     RFCC26XX_singleMode.obj (.text:ratDispatchTime)
                  000091f4    000000a4     RFCC26XX_singleMode.obj (.text:ratFreeChannel)
                  00009298    000000a4     drivers_cc26x0r2.aem3 : PowerCC26XX.oem3 (.text:switchXOSCHFclockFunc)
                  0000933c    000000a0     icall.obj (.text:ICall_createRemoteTasksAtRuntime)
                  000093dc    000000a0     auto_init.aem3 : auto_init.oem3 (.text)
                  0000947c    000000a0     hid_game_controller_cc2640r2lp_stack_library.lib : gapbondmgr.obj (.text:gapBondMgrUpdateCharCfg)
                  0000951c    0000009c     battservice.obj (.text:Batt_GetParameter)
                  000095b8    0000009c     RFCC26XX_singleMode.obj (.text:RF_getCurrentTime)
                  00009654    0000009c     RFCC26XX_singleMode.obj (.text:dispatchNextCmd)
                  000096f0    0000009c     rtsv7M3_T_le_eabi.lib : memcpy_t2.asm.obj (.text)
                  0000978c    0000009a     RFCC26XX_singleMode.obj (.text:syncCb)
                  00009826    00000002     hid_game_controller_cc2640r2lp_stack_library.lib : onboard.obj (.text:Onboard_soft_reset)
                  00009828    00000098     icall_cc2650.obj (.text:ICallPlatform_pwrUpdActivityCounter)
                  000098c0    00000098     drivers_cc26x0r2.aem3 : PINCC26XX.oem3 (.text:PIN_open)
                  00009958    00000098     hid_game_controller_cc2640r2lp_stack_library.lib : osal_cbtimer.obj (.text:osal_CbTimerProcessEvent)
                  000099f0    00000098     rom_sysbios.aem3 : rom_sysbios.obj (.text:ti_sysbios_knl_Clock_workFuncDynamic__E)
                  00009a88    00000096     gattservapp_util.obj (.text:GATTServApp_ProcessCCCWriteReq)
                  00009b1e    00000096     rtsv7M3_T_le_eabi.lib : ull_div_t2.asm.obj (.text)
                  00009bb4    00000094     driverlib.lib : aux_adc.obj (.text:NOROM_AUXADCDisable)
                  00009c48    00000090                   : crypto.obj (.text:NOROM_CRYPTOAesLoadKey)
                  00009cd8    00000090     RFCC26XX_singleMode.obj (.text:RF_getInfo)
                  00009d68    00000090     cc2640_hci_tl_ext_scan_ext_adv_none.a : hci_tl.o (.text)
                  00009df8    00000090     cc2640_ll_pxxx_ext_scan_ext_adv.a : ll_enc.o (.text)
                  00009e88    0000008c     icall.obj (.text:ICall_getEntityId)
                  00009f14    0000008c     driverlib.lib : setup.obj (.text:TrimAfterColdResetWakeupFromShutDown)
                  00009fa0    0000008c     cc2640_ll_pxxx_ext_scan_ext_adv.a : ll_isr.o (.text)
                  0000a02c    00000088     drivers_cc26x0r2.aem3 : ADCCC26XX.oem3 (.text:ADCCC26XX_open)
                  0000a0b4    00000088                           : CryptoCC26XX.oem3 (.text:CryptoCC26XX_allocateKey)
                  0000a13c    00000088     hidkbdservice.obj (.text:HidKbd_GetParameter)
                  0000a1c4    00000088     cc2640_ll_pxxx_ext_scan_ext_adv.a : ll.o (.text)
                  0000a24c    00000088     cc26xx_profiles_pxxx.a : gapgattserver.o (.text)
                  0000a2d4    00000088     hid_game_controller_cc2640r2lp_stack_library.lib : osal_snv_wrapper.obj (.text:writeWord)
                  0000a35c    00000086     cc2640_ll_pxxx_ext_scan_ext_adv.a : ll_common.o (.text)
                  0000a3e2    00000084     icall.obj (.text:ICall_wait)
                  0000a466    00000002     hid_game_controller_cc2640r2lp_stack_library.lib : sm_ecc.obj (.text:SM_dhKeyCB)
                  0000a468    00000084                                                      : osal.obj (.text:osal_event_send)
                  0000a4ec    00000080     hiddev.obj (.text:HidDev_sendNoti)
                  0000a56c    00000080     hid_game_controller_cc2640r2lp_stack_library.lib : osal_icall_ble.obj (.text:osalInitTasks)
                  0000a5ec    0000007c                                                      : gapbondmgr.obj (.text:GAPBondMgr_syncResolvingList)
                  0000a668    0000007c     hidgamecontroller.obj (.text:HidGameController_processStackMsg)
                  0000a6e4    0000007c     RFCC26XX_singleMode.obj (.text:applyRfCorePatch)
                  0000a760    0000007c     battservice.obj (.text:battNotify)
                  0000a7dc    0000007c     cc2640_hci_pxxx_ext_scan_ext_adv.a : hci_event.o (.text)
                  0000a858    0000007c     cc2640_ll_pxxx_ext_scan_ext_adv.a : ll_scheduler.o (.text)
                  0000a8d4    0000007c     cc26xx_gap_pxxx.a : gap_linkmgr.o (.text)
                  0000a950    0000007a     rtsv7M3_T_le_eabi.lib : memset_t2.asm.obj (.text)
                  0000a9ca    00000002     hid_game_controller_cc2640r2lp_stack_library.lib : sm_ecc.obj (.text:SM_p256KeyCB)
                  0000a9cc    00000078     ECCROMCC26XX.obj (.text:ECCROMCC26XX_Params_init)
                  0000aa44    00000078     hiddev.obj (.text:HidDev_Report)
                  0000aabc    00000078     icall.obj (.text:ICall_createRemoteTasks)
                  0000ab34    00000078     RFCC26XX_singleMode.obj (.text:Q_push)
                  0000abac    00000078     scanparamservice.obj (.text:ScanParam_RefreshNotify)
                  0000ac24    00000078     RFCC26XX_singleMode.obj (.text:calculateDispatchTime)
                  0000ac9c    00000078     cc26xx_profiles_pxxx.a : gattservapp.o (.text)
                  0000ad14    00000078     RFCC26XX_singleMode.obj (.text:cmdDispatchTime)
                  0000ad8c    00000078     peripheral.obj (.text:gapRole_processStackMsg)
                  0000ae04    00000074     gattservapp_util.obj (.text:GATTServApp_InitCharCfg)
                  0000ae78    00000074     hiddev.obj (.text:HidDev_reportById)
                  0000aeec    00000074     driverlib.lib : rfc.obj (.text:NOROM_RFCOverrideUpdate)
                  0000af60    00000074     cc2640_ll_pxxx_ext_scan_ext_adv.a : ll_common.o (.text)
                  0000afd4    00000074     hid_game_controller_cc2640r2lp_stack_library.lib : osal.obj (.text:osal_msg_enqueue_push)
                  0000b048    00000074                                                      : osal.obj (.text:osal_msg_receive)
                  0000b0bc    00000074     RFCC26XX_singleMode.obj (.text:ratArmChannel)
                  0000b130    00000074     rom_sysbios.aem3 : rom_sysbios.obj (.text:ti_sysbios_family_arm_cc26xx_Timer_start__E)
                  0000b1a4    00000070     driverlib.lib : sys_ctrl.obj (.text:NOROM_SysCtrlAdjustRechargeAfterPowerDown)
                  0000b214    00000070     RFCC26XX_singleMode.obj (.text:dispatchNextEvent)
                  0000b284    00000070     RFCC26XX_singleMode.obj (.text:fsmXOSCState)
                  0000b2f4    00000070     hid_game_controller_cc2640r2lp_stack_library.lib : gapbondmgr.obj (.text:gapBondMgrBondReq)
                  0000b364    00000070     RFCC26XX_singleMode.obj (.text:getCmd)
                  0000b3d4    00000070     drivers_cc26x0r2.aem3 : PowerCC26XX.oem3 (.text:lfClockReadyCallback)
                  0000b444    0000006c     CC2640R2_LAUNCHXL.obj (.text:CC2640R2_LAUNCHXL_sendExtFlashByte)
                  0000b4b0    0000006c     hiddev.obj (.text:HidDev_processAppMsg)
                  0000b51c    0000006c     icall.obj (.text:ICall_init)
                  0000b588    0000006c     driverlib.lib : osc.obj (.text:NOROM_OSCHF_AttemptToSwitchToXosc)
                  0000b5f4    0000006c     drivers_cc26x0r2.aem3 : PowerCC26XX_calibrateRCOSC.oem3 (.text:PowerCC26XX_initiateCalibration)
                  0000b660    0000006c     cc2640_ll_pxxx_ext_scan_ext_adv.a : ll_scheduler.o (.text)
                  0000b6cc    0000006c     drivers_cc26x0r2.aem3 : PowerCC26XX.oem3 (.text:configureXOSCHF)
                  0000b738    0000006c     hid_game_controller_cc2640r2lp_stack_library.lib : osal_cbtimer.obj (.text:osal_CbTimerUpdate)
                  0000b7a4    00000068     board_key.obj (.text:Board_keyCallback)
                  0000b80c    00000068     hiddev.obj (.text:HidDev_disconnected)
                  0000b874    00000068     driverlib.lib : sys_ctrl.obj (.text:NOROM_SysCtrl_DCDC_VoltageConditionalControl)
                  0000b8dc    00000068     rtsv7M3_T_le_eabi.lib : copy_decompress_lzss.c.obj (.text:decompress:lzss:__TI_decompress_lzss)
                  0000b944    00000064     hiddev.obj (.text:HidDev_reportByHandle)
                  0000b9a8    00000064     hidgamecontroller.obj (.text:HidGameController_keyPressHandler)
                  0000ba0c    00000064     icall.obj (.text:ICall_searchTask)
                  0000ba70    00000064     RFCC26XX_singleMode.obj (.text:RF_wakeupNotifyFxn)
                  0000bad4    00000064     cc26xx_profiles_pxxx.a : gattservapp.o (.text)
                  0000bb38    00000064     hid_game_controller_cc2640r2lp_stack_library.lib : osal_snv_wrapper.obj (.text:findItem)
                  0000bb9c    00000064     RFCC26XX_singleMode.obj (.text:ratRestartChannels)
                  0000bc00    00000060     ECCROMCC26XX.obj (.text:ECC_initGlobals)
                  0000bc60    00000060     peripheral.obj (.text:GAPRole_SendUpdateParam)
                  0000bcc0    00000060     icall.obj (.text:ICall_searchServiceEntity)
                  0000bd20    00000060     scanparamservice.obj (.text:ScanParam_AddService)
                  0000bd80    00000060     util.obj (.text:Util_constructClock)
                  0000bde0    00000060     RFCC26XX_singleMode.obj (.text:calculateDeltaTimeUs)
                  0000be40    00000060     RFCC26XX_singleMode.obj (.text:rfReleaseConstraint)
                  0000bea0    00000060     hid_game_controller_cc2640r2lp_stack_library.lib : osal_icall_ble.obj (.text:stack_main)
                  0000bf00    0000005e     RFCC26XX_singleMode.obj (.text:cacheFsCmd)
                  0000bf5e    00000002     rtsv7M3_T_le_eabi.lib : _lock.c.obj (.text:_nop)
                  0000bf60    0000005c     hiddev.obj (.text:HidDev_reportByCccdHandle)
                  0000bfbc    0000005c     icall.obj (.text:ICall_msecs2Ticks)
                  0000c018    0000005c     icall.obj (.text:ICall_primEntityId2ServiceId)
                  0000c074    0000005c     drivers_cc26x0r2.aem3 : PowerCC26XX_calibrateRCOSC.oem3 (.text:PowerCC26XX_RCOSC_clockFunc)
                  0000c0d0    0000005c                           : PowerCC26XX.oem3 (.text:PowerCC26XX_calibrate)
                  0000c12c    0000005c     cc26xx_profiles_pxxx.a : gattservapp.o (.text)
                  0000c188    0000005c     hid_game_controller_cc2640r2lp_stack_library.lib : osal_cbtimer.obj (.text:osal_CbTimerStop)
                  0000c1e4    0000005c     app_ble_pem3.oem3 (.text:xdc_runtime_Startup_getState__I)
                  0000c240    0000005a     main.obj (.text:AssertHandler)
                  0000c29a    00000002     drivers_cc26x0r2.aem3 : PowerCC26XX.oem3 (.text:emptyClockFunc)
                  0000c29c    00000058     battservice.obj (.text:Batt_AddService)
                  0000c2f4    00000058     hiddev.obj (.text:HidDev_processPasscodeEvt)
                  0000c34c    00000058     icall.obj (.text:ICall_fetchMsg)
                  0000c3a4    00000058     drivers_cc26x0r2.aem3 : PINCC26XX.oem3 (.text:PIN_remove)
                  0000c3fc    00000058     hid_game_controller_cc2640r2lp_stack_library.lib : gapbondmgr.obj (.text:gapBondMgrReadBonds)
                  0000c454    00000058                                                      : osal_timers.obj (.text:osal_timer_refTimeUpdate)
                  0000c4ac    00000054     hiddev.obj (.text:HidDev_lowAdvertising)
                  0000c500    00000054     TRNGCC26XX.obj (.text:TRNGCC26XX_isParamValid)
                  0000c554    00000054     hid_game_controller_cc2640r2lp_stack_library.lib : osal_bufmgr.obj (.text:osal_bm_free)
                  0000c5a8    00000052     icall.obj (.text:ICall_msgEnqueue)
                  0000c5fa    00000002     hid_game_controller_cc2640r2lp_stack_library.lib : hal_assert.obj (.text:halAssertHandler)
                  0000c5fc    00000050     battservice.obj (.text:Batt_SetParameter)
                  0000c64c    00000050     hid_game_controller_cc2640r2lp_stack_library.lib : gapbondmgr.obj (.text:GAPBondMgr_LinkTerm)
                  0000c69c    00000050                                                      : gapbondmgr.obj (.text:GAPBondMgr_UpdateCharCfg)
                  0000c6ec    00000050     hiddev.obj (.text:HidDev_Register)
                  0000c73c    00000050     hiddev.obj (.text:HidDev_highAdvertising)
                  0000c78c    00000050     hiddev.obj (.text:HidDev_initialAdvertising)
                  0000c7dc    00000050     icall.obj (.text:ICall_getMaxMSecs)
                  0000c82c    00000050     icall.obj (.text:ICall_heapFree)
                  0000c87c    00000050     battservice.obj (.text:battNotifyLevel)
                  0000c8cc    00000050     cc26xx_profiles_pxxx.a : gattservapp.o (.text)
                  0000c91c    00000050     gattservapp_util.obj (.text:gattServApp_FindCharCfgItem)
                  0000c96c    00000050     main.obj (.text:main)
                  0000c9bc    0000004c     CC2640R2_LAUNCHXL.obj (.text:CC2640R2_LAUNCHXL_shutDownExtFlash)
                  0000ca08    0000004c     hidgamecontroller.obj (.text:HidGameController_sendReport)
                  0000ca54    0000004c     hidgamecontroller.obj (.text:HidJoystick_Init)
                  0000caa0    0000004c     hid_game_controller_cc2640r2lp_stack_library.lib : npi.obj (.text:NPI_WriteTransport)
                  0000caec    0000004c                                                      : osal_snv_wrapper.obj (.text:NVOCOP_initNV)
                  0000cb38    0000004c     RFCC26XX_singleMode.obj (.text:RF_runCmd)
                  0000cb84    0000004c     battservice.obj (.text:battMeasure)
                  0000cbd0    0000004c     rtsv7M3_T_le_eabi.lib : cpy_tbl.c.obj (.text:copy_in)
                  0000cc1c    0000004c     hid_game_controller_cc2640r2lp_stack_library.lib : osal_snv_wrapper.obj (.text:erasePage)
                  0000cc68    0000004c     peripheral.obj (.text:gapRole_HandleParamUpdateNoSuccess)
                  0000ccb4    0000004c     peripheral.obj (.text:gapRole_SetupGAP)
                  0000cd00    0000004c     hid_game_controller_cc2640r2lp_stack_library.lib : osal_clock.obj (.text:osalAdjustTimer)
                  0000cd4c    0000004a     hiddev.obj (.text:HidDev_passcodeCB)
[...]
200020fc  ClockP_tickPeriod                                                         
20002100  HEAPMGR_SIZE                                                              
20002104  adchandlech0                                                              
20002108  adchandlech5                                                              
2000210c  hKeyPins                                                                  
20002110  tasksEvents                                                               
20002114  trngCC26XXObjects                                                         
20002118  hciGapTaskID                                                              
20002119  hciSmpTaskID                                                              
2000211a  hciTestTaskID                                                             
2000211b  scanReqRpt                                                                
2000211c  driverlib_release_0_49664                                                 
2000211d  g_hwiInt                                                                  
2000211e  icall_liteTaskId                                                          
2000211f  osal_entity                                                               
20002120  selfEntity                                                                
20002121  heapStart                                                                 
20004000  __stack                                                                   
20004000  heapEnd                                                                   
20004400  __STACK_END                                                               
20004400  __STACK_TOP                                                               
200044f8  RAM_BASE_ADDR                                                             
20004504  ROM_FlashJT                                                               
20004508  gapParameters                                                             
20004558  gapPeripheralCBs                                                          
20004564  gapPeripheralConnCBs                                                      
20004568  rfMode                                                                    
20004584  smResponderCBs                                                            
2000459c  slaveConnHandle                                                           
2000459e  nextHandle                                                                
200045a0  l2capMtuSize                                                              
200045a2  gapAppTaskID                                                              
200045a3  gapAdvAppTaskID                                                           
200045a4  gapUnwantedTaskID                                                         
200045a5  reqTaskId                                                                 
200045a6  gattAppTaskID                                                             
200045a7  appTaskID                                                                 
200045a8  flowCtrlTaskId                                                            
200045a9  SM_appTaskID                                                              
200045ac  resolvingList                                                             
200046ec  scanDataEntry                                                             
200047cc  wlTable                                                                   
200048a8  wlTableScan                                                               
20004988  rfObject                                                                  
20004a20  advCmd                                                                    
20004a68  localEccKeys                                                              
20004aac  initDataEntry                                                             
20004ae4  advDataEntry                                                              
20004b1c  l2capFixedChannels                                                        
20004b4c  linkCBs                                                                   
20004b7c  eccParams                                                                 
20004bac  initParam                                                                 
20004bd0  scanParam                                                                 
20004bf4  advParam                                                                  
20004c14  cryptoPRAND                                                               
20004c34  txModemTestCmd                                                            
20004c50  gapParams                                                                 
20004c6c  initCmd                                                                   
20004c84  connReqData                                                               
20004c9c  scanCmd                                                                   
20004cb4  scanOutput                                                                
20004ccc  trxTestCmd                                                                
20004ce4  rxModemTestCmd                                                            
20004cfc  rsp                                                                       
20004d14  fwParDtmCmd                                                               
20004d2c  rfSetup                                                                   
20004d44  fwParRfCmd                                                                
20004d5c  connOutput                                                                
20004d70  rxTestParam                                                               
20004d84  initDataQueue                                                             
20004d94  scanDataQueue                                                             
20004da4  advDataQueue                                                              
20004db4  advOutput                                                                 
20004dc4  txTestParam                                                               
20004dd4  initOutput                                                                
20004de0  rxTestOut                                                                 
20004dec  deviceFeatureSet                                                          
20004df8  cachedTRNGdata                                                            
20004e04  gapCurrentRandomAddr                                                      
20004e0c  slaveUpdateReq                                                            
20004e14  pBleEvtMask                                                               
20004e1c  pHciEvtMask                                                               
20004e24  pHciEvtMask2                                                              
20004e2c  ownPublicAddr                                                             
20004e34  ownRandomAddr                                                             
20004e3c  ownSavedPublicAddr                                                        
20004e44  fwImmedCmd                                                                
20004e4c  attServerNotifyTxCB                                                       
20004e50  rfEvent                                                                   
20004e58  fwParCmd                                                                  
20004e60  verInfo                                                                   
20004e68  llConns                                                                   
20004e70  fwParamImmedCmd                                                           
20004e78  privInfo                                                                  
20004e80  linkCmd                                                                   
20004e84  linkParam                                                                 
20004e88  rxDataQ                                                                   
20004e8c  txDataQ                                                                   
20004e90  rxRingBuf                                                                 
20004e94  txTestOut                                                                 
20004e98  pGapDiscReq                                                               
20004e9c  pGapAdvertState                                                           
20004ea0  pEstLink                                                                  
20004ea4  pAuthLink                                                                 
20004ea8  pfnCentralConnCBs                                                         
20004eac  pfnPeripheralConnCBs                                                      
20004eb0  pGapAdvTokens                                                             
20004eb4  pGapAdData                                                                
20004eb8  pGapScanRspData                                                           
20004ebc  pfnPeripheralCBs                                                          
20004ec0  pfnCentralCBs                                                             
20004ec4  pfnBondMgrCBs                                                             
20004ec8  serverInfoTbl                                                             
20004ecc  pServiceList                                                              
20004ed0  pfnServerProcessMsgCB                                                     
20004ed4  pfnClientProcessMsgCB                                                     
20004ed8  prepareWritesTbl                                                          
20004edc  serviceCBsList                                                            
20004ee0  pAttrValue                                                                
20004ee4  l2capChannels                                                             
20004ee8  linkDB                                                                    
20004eec  rfHandle                                                                  
20004ef0  rfDrvTblPtr                                                               
20004ef4  eccDrvTblPtr                                                              
20004ef8  cryptoDrvTblPtr                                                           
20004efc  trngDrvTblPtr                                                             
20004f00  activeConns                                                               
20004f04  SysBootMsg                                                                
20004f08  sclkSrc                                                                   
20004f0c  buildInfo                                                                 
20004f10  advInfo                                                                   
20004f14  scanInfo                                                                  
20004f18  initInfo                                                                  
20004f1c  dtmInfo                                                                   
20004f20  taskEndAction                                                             
20004f24  encParams                                                                 
20004f28  encHandle                                                                 
20004f2c  encKey                                                                    
20004f30  pPairingParams                                                            
20004f34  pfnResponderCBs                                                           
20004f38  pfnInitiatorCBs                                                           
20004f3c  gapLimitedAdvertisingTimeout                                              
20004f3e  attrLen                                                                   
20004f40  numHostBufs                                                               
20004f42  rfCmdHandle                                                               
20004f44  connInitialMaxTxOctets                                                    
20004f46  connInitialMaxTxTime                                                      
20004f48  supportedMaxTxOctets                                                      
20004f4a  supportedMaxTxTime                                                        
20004f4c  supportedMaxRxOctets                                                      
20004f4e  supportedMaxRxTime                                                        
20004f50  taskEndStatus                                                             
20004f52  postRfOperations                                                          
20004f54  rfCfgAdiVal                                                               
20004f58  gapProfileRole                                                            
20004f59  gapDeviceAddrMode                                                         
20004f5a  gapState                                                                  
20004f5b  terminateAllTaskID                                                        
20004f5c  terminateReason                                                           
20004f5d  gapTaskID                                                                 
20004f5e  gattNumConns                                                              
20004f5f  gattTaskID                                                                
20004f60  GATTServApp_TaskID                                                        
20004f61  maxNumPrepareWrites                                                       
20004f62  hciPTMenabled                                                             
20004f63  ctrlToHostEnable                                                          
20004f64  l2capFlowCtrlMode                                                         
20004f65  l2capTaskID                                                               
20004f66  l2capNumChannels                                                          
20004f67  l2capNumDataPkts                                                          
20004f68  l2capId                                                                   
20004f69  linkDBNumConns                                                            
20004f6a  linkDB_secureConnectionOnlyMode                                           
20004f6b  maxPduSize                                                                
20004f6c  rfFeModeBias                                                              
20004f6d  maxNumTxDataBufs                                                          
20004f6e  LL_TaskID                                                                 
20004f6f  llState                                                                   
20004f70  rssiCorrection                                                            
20004f71  curTxPowerVal                                                             
20004f72  maxTxPwrForDTM                                                            
20004f73  onePktPerEvt                                                              
20004f74  numComplPkts                                                              
20004f75  numComplPktsLimit                                                         
20004f76  numComplPktsFlush                                                         
20004f77  fastTxRespTime                                                            
20004f78  slOverride                                                                
20004f79  rxFifoFlowCtrl                                                            
20004f7a  numTxDataBufs                                                             
20004f7b  maxNumConns                                                               
20004f7c  smTaskID                                                                  
20004f7d  SM_appExpectingKey                                                        
20004f80  ECC_DATA$$Base                                                            
20004f80  eccRom_param_Gx                                                           
20004f84  eccRom_param_Gy                                                           
20004f88  eccRom_workzone                                                           
20004f8c  eccRom_param_p                                                            
20004f90  eccRom_param_r                                                            
20004f94  eccRom_param_a                                                            
20004f98  eccRom_param_b                                                            
20004f9c  eccRom_windowSize                                                         
20004fa0  aux64                                                                     
20004fa8  MOD                                                                       
20004fac  LEN                                                                       
20004fb0  inScalar                                                                  
20004fb4  inPointX                                                                  
20004fb8  inPointY                                                                  
20004fbc  outPointX                                                                 
20004fc0  outPointY                                                                 
20004fc4  SCAL                                                                      
20004fc8  EXPX                                                                      
20004fcc  EXPY                                                                      
20004fd0  EXPZ                                                                      
20004fd4  EXPW                                                                      
20004fd8  ACCX                                                                      
20004fdc  ACCY                                                                      
20004fe0  ACCZ                                                                      
20004fe4  TMP1                                                                      
20004fe8  TMP2                                                                      
20004fec  TMP3                                                                      
20004ff0  TMP4                                                                      
20004ff4  TMP5                                                                      
20004ff8  TMP6                                                                      
20004ffc  MSBMOD                                                                    
20005000  ECC_DATA$$Limit                                                           
20005000  __UNUSED_SRAM_end__                                                       
e000e000  ti_sysbios_family_arm_m3_Hwi_nvic                                         
ffffffff  __TI_pprof_out_hndl                                                       
ffffffff  __TI_prof_data_size                                                       
ffffffff  __TI_prof_data_start                                                      
ffffffff  __binit__                                                                 
ffffffff  __c_args__                                                                
ffffffff  binit                                                                     
UNDEFED   SHT$$INIT_ARRAY$$Base                                                     
UNDEFED   SHT$$INIT_ARRAY$$Limit                                                    

[2294 symbols]
